error: C99 was disabled in PCH file but is currently enabled
1 error generated.
